apiVersion: v1
kind: Service
metadata:
  name: commonbase
  namespace: fixednamespace
spec:
  ports:
  - name: grpc
    port: 9800
  selector:
    app: commonbase
---
apiVersion: v1
kind: Service
metadata:
  name: subsystem1
  namespace: fixednamespace
spec:
  ports:
  - name: grpc
    port: 9800
  selector:
    app: subsystem1
---
apiVersion: v1
kind: Service
metadata:
  name: subsystem2
  namespace: fixednamespace
spec:
  ports:
  - name: grpc
    port: 9800
  selector:
    app: subsystem2
---
apiVersion: v1
kind: Service
metadata:
  name: join
  namespace: fixednamespace
spec:
  ports:
  - name: grpc
    port: 9800
  selector:
    app: join
